﻿00:00 +0: loading C:/Users/swast/OneDrive/Desktop/amphibians data collection/amphibians_data_collection/test/widget_test.dart
00:00 +0: App smoke test - displays LoginView
ΓòÉΓòÉΓòí EXCEPTION CAUGHT BY WIDGETS LIBRARY Γò₧ΓòÉΓòÉΓòÉΓòÉΓòÉΓòÉΓòÉΓòÉΓòÉΓòÉΓòÉΓòÉΓòÉΓòÉΓòÉΓòÉΓòÉΓòÉΓòÉΓòÉΓòÉΓòÉΓòÉΓòÉΓòÉΓòÉΓòÉΓòÉΓòÉΓòÉΓòÉΓòÉΓòÉΓòÉΓòÉΓòÉΓòÉΓòÉΓòÉΓòÉΓòÉΓòÉΓòÉΓòÉΓòÉΓòÉΓòÉΓòÉΓòÉΓòÉΓòÉΓòÉΓòÉΓòÉΓòÉΓòÉΓòÉΓòÉΓòÉ
The following FirebaseException was thrown building LoginView(dirty, dependencies:
[UncontrolledProviderScope], state: _LoginViewState#b9c72):
[core/no-app] No Firebase App '[DEFAULT]' has been created - call Firebase.initializeApp()

The relevant error-causing widget was:
  LoginView
  LoginView:file:///C:/Users/swast/OneDrive/Desktop/amphibians%20data%20collection/amphibians_data_collection/lib/views/auth_wrapper.dart:18:24

When the exception was thrown, this was the stack:
#1      _ProviderStateSubscription.read (package:riverpod/src/framework/provider_base.dart:181:28)
#2      ConsumerStatefulElement.watch (package:flutter_riverpod/src/consumer.dart:568:8)
#3      _LoginViewState.build (package:amphibians_data_collection/views/login_view.dart:55:27)
#4      StatefulElement.build (package:flutter/src/widgets/framework.dart:5934:27)
#5      ConsumerStatefulElement.build (package:flutter_riverpod/src/consumer.dart:539:20)
#6      ComponentElement.performRebuild (package:flutter/src/widgets/framework.dart:5820:15)
#7      StatefulElement.performRebuild (package:flutter/src/widgets/framework.dart:5985:11)
#8      Element.rebuild (package:flutter/src/widgets/framework.dart:5532:7)
#9      ComponentElement._firstBuild (package:flutter/src/widgets/framework.dart:5802:5)
#10     StatefulElement._firstBuild (package:flutter/src/widgets/framework.dart:5976:11)
#11     ComponentElement.mount (package:flutter/src/widgets/framework.dart:5796:5)
#12     Element.inflateWidget (package:flutter/src/widgets/framework.dart:4590:20)
#13     Element.updateChild (package:flutter/src/widgets/framework.dart:4053:20)
#14     ComponentElement.performRebuild (package:flutter/src/widgets/framework.dart:5844:16)
#15     StatefulElement.performRebuild (package:flutter/src/widgets/framework.dart:5985:11)
#16     Element.rebuild (package:flutter/src/widgets/framework.dart:5532:7)
#17     BuildScope._tryRebuild (package:flutter/src/widgets/framework.dart:2750:15)
#18     BuildScope._flushDirtyElements (package:flutter/src/widgets/framework.dart:2807:11)
#19     BuildOwner.buildScope (package:flutter/src/widgets/framework.dart:3111:18)
#20     AutomatedTestWidgetsFlutterBinding.drawFrame (package:flutter_test/src/binding.dart:1506:19)
#21     RendererBinding._handlePersistentFrameCallback (package:flutter/src/rendering/binding.dart:495:5)
#22     SchedulerBinding._invokeFrameCallback (package:flutter/src/scheduler/binding.dart:1434:15)
#23     SchedulerBinding.handleDrawFrame (package:flutter/src/scheduler/binding.dart:1347:9)
#24     AutomatedTestWidgetsFlutterBinding.pump.<anonymous closure> (package:flutter_test/src/binding.dart:1335:9)
#27     TestAsyncUtils.guard (package:flutter_test/src/test_async_utils.dart:74:41)
#28     AutomatedTestWidgetsFlutterBinding.pump (package:flutter_test/src/binding.dart:1324:27)
#29     WidgetTester.pumpAndSettle.<anonymous closure> (package:flutter_test/src/widget_tester.dart:719:23)
#32     TestAsyncUtils.guard (package:flutter_test/src/test_async_utils.dart:74:41)
#33     WidgetTester.pumpAndSettle (package:flutter_test/src/widget_tester.dart:712:27)
#34     main.<anonymous closure> (file:///C:/Users/swast/OneDrive/Desktop/amphibians%20data%20collection/amphibians_data_collection/test/widget_test.dart:37:18)
#35     testWidgets.<anonymous closure>.<anonymous closure> (package:flutter_test/src/widget_tester.dart:192:15)
#36     TestWidgetsFlutterBinding._runTestBody (package:flutter_test/src/binding.dart:1059:5)
#38     ProviderElementBase.watch (package:riverpod/src/framework/element.dart:742:20)
#39     authControllerProvider.<anonymous closure> (package:amphibians_data_collection/controllers/auth_controller.dart:189:27)
#40     ProviderContainer.listen (package:riverpod/src/framework/container.dart:280:21)
#41     ConsumerStatefulElement.watch.<anonymous closure> (package:flutter_riverpod/src/consumer.dart:564:25)
#42     _LinkedHashMapMixin.putIfAbsent (dart:_compact_hash:675:23)
#43     ConsumerStatefulElement.watch (package:flutter_riverpod/src/consumer.dart:557:26)
#44     _LoginViewState.build (package:amphibians_data_collection/views/login_view.dart:55:27)
#45     StatefulElement.build (package:flutter/src/widgets/framework.dart:5934:27)
#46     ConsumerStatefulElement.build (package:flutter_riverpod/src/consumer.dart:539:20)
#47     ComponentElement.performRebuild (package:flutter/src/widgets/framework.dart:5820:15)
#48     StatefulElement.performRebuild (package:flutter/src/widgets/framework.dart:5985:11)
#49     Element.rebuild (package:flutter/src/widgets/framework.dart:5532:7)
#50     ComponentElement._firstBuild (package:flutter/src/widgets/framework.dart:5802:5)
#51     StatefulElement._firstBuild (package:flutter/src/widgets/framework.dart:5976:11)
#52     ComponentElement.mount (package:flutter/src/widgets/framework.dart:5796:5)
#53     Element.inflateWidget (package:flutter/src/widgets/framework.dart:4590:20)
#54     Element.updateChild (package:flutter/src/widgets/framework.dart:4053:20)
#55     ComponentElement.performRebuild (package:flutter/src/widgets/framework.dart:5844:16)
#56     StatefulElement.performRebuild (package:flutter/src/widgets/framework.dart:5985:11)
#57     Element.rebuild (package:flutter/src/widgets/framework.dart:5532:7)
#58     BuildScope._tryRebuild (package:flutter/src/widgets/framework.dart:2750:15)
#59     BuildScope._flushDirtyElements (package:flutter/src/widgets/framework.dart:2807:11)
#60     BuildOwner.buildScope (package:flutter/src/widgets/framework.dart:3111:18)
#61     AutomatedTestWidgetsFlutterBinding.drawFrame (package:flutter_test/src/binding.dart:1506:19)
#62     RendererBinding._handlePersistentFrameCallback (package:flutter/src/rendering/binding.dart:495:5)
#63     SchedulerBinding._invokeFrameCallback (package:flutter/src/scheduler/binding.dart:1434:15)
#64     SchedulerBinding.handleDrawFrame (package:flutter/src/scheduler/binding.dart:1347:9)
#65     AutomatedTestWidgetsFlutterBinding.pump.<anonymous closure> (package:flutter_test/src/binding.dart:1335:9)
#68     TestAsyncUtils.guard (package:flutter_test/src/test_async_utils.dart:74:41)
#69     AutomatedTestWidgetsFlutterBinding.pump (package:flutter_test/src/binding.dart:1324:27)
#70     WidgetTester.pumpAndSettle.<anonymous closure> (package:flutter_test/src/widget_tester.dart:719:23)
#73     TestAsyncUtils.guard (package:flutter_test/src/test_async_utils.dart:74:41)
#74     WidgetTester.pumpAndSettle (package:flutter_test/src/widget_tester.dart:712:27)
#75     main.<anonymous closure> (file:///C:/Users/swast/OneDrive/Desktop/amphibians%20data%20collection/amphibians_data_collection/test/widget_test.dart:37:18)
#76     testWidgets.<anonymous closure>.<anonymous closure> (package:flutter_test/src/widget_tester.dart:192:15)
#77     TestWidgetsFlutterBinding._runTestBody (package:flutter_test/src/binding.dart:1059:5)
#79     MethodChannelFirebase.app (package:firebase_core_platform_interface/src/method_channel/method_channel_firebase.dart:190:5)
#80     Firebase.app (package:firebase_core/src/firebase.dart:79:41)
#81     FirebaseAuth.instance (package:firebase_auth/src/firebase_auth.dart:38:47)
#82     new AuthService (package:amphibians_data_collection/services/auth_service.dart:12:38)
#83     authServiceProvider.<anonymous closure> (package:amphibians_data_collection/controllers/auth_controller.dart:8:10)
#84     ProviderElementBase.watch (package:riverpod/src/framework/element.dart:714:12)
#85     authControllerProvider.<anonymous closure> (package:amphibians_data_collection/controllers/auth_controller.dart:189:27)
#86     ProviderContainer.listen (package:riverpod/src/framework/container.dart:280:21)
#87     ConsumerStatefulElement.watch.<anonymous closure> (package:flutter_riverpod/src/consumer.dart:564:25)
#88     _LinkedHashMapMixin.putIfAbsent (dart:_compact_hash:675:23)
#89     ConsumerStatefulElement.watch (package:flutter_riverpod/src/consumer.dart:557:26)
#90     _LoginViewState.build (package:amphibians_data_collection/views/login_view.dart:55:27)
#91     StatefulElement.build (package:flutter/src/widgets/framework.dart:5934:27)
#92     ConsumerStatefulElement.build (package:flutter_riverpod/src/consumer.dart:539:20)
#93     ComponentElement.performRebuild (package:flutter/src/widgets/framework.dart:5820:15)
#94     StatefulElement.performRebuild (package:flutter/src/widgets/framework.dart:5985:11)
#95     Element.rebuild (package:flutter/src/widgets/framework.dart:5532:7)
#96     ComponentElement._firstBuild (package:flutter/src/widgets/framework.dart:5802:5)
#97     StatefulElement._firstBuild (package:flutter/src/widgets/framework.dart:5976:11)
#98     ComponentElement.mount (package:flutter/src/widgets/framework.dart:5796:5)
#99     Element.inflateWidget (package:flutter/src/widgets/framework.dart:4590:20)
#100    Element.updateChild (package:flutter/src/widgets/framework.dart:4053:20)
#101    ComponentElement.performRebuild (package:flutter/src/widgets/framework.dart:5844:16)
#102    StatefulElement.performRebuild (package:flutter/src/widgets/framework.dart:5985:11)
#103    Element.rebuild (package:flutter/src/widgets/framework.dart:5532:7)
#104    BuildScope._tryRebuild (package:flutter/src/widgets/framework.dart:2750:15)
#105    BuildScope._flushDirtyElements (package:flutter/src/widgets/framework.dart:2807:11)
#106    BuildOwner.buildScope (package:flutter/src/widgets/framework.dart:3111:18)
#107    AutomatedTestWidgetsFlutterBinding.drawFrame (package:flutter_test/src/binding.dart:1506:19)
#108    RendererBinding._handlePersistentFrameCallback (package:flutter/src/rendering/binding.dart:495:5)
#109    SchedulerBinding._invokeFrameCallback (package:flutter/src/scheduler/binding.dart:1434:15)
#110    SchedulerBinding.handleDrawFrame (package:flutter/src/scheduler/binding.dart:1347:9)
#111    AutomatedTestWidgetsFlutterBinding.pump.<anonymous closure> (package:flutter_test/src/binding.dart:1335:9)
#114    TestAsyncUtils.guard (package:flutter_test/src/test_async_utils.dart:74:41)
#115    AutomatedTestWidgetsFlutterBinding.pump (package:flutter_test/src/binding.dart:1324:27)
#116    WidgetTester.pumpAndSettle.<anonymous closure> (package:flutter_test/src/widget_tester.dart:719:23)
#119    TestAsyncUtils.guard (package:flutter_test/src/test_async_utils.dart:74:41)
#120    WidgetTester.pumpAndSettle (package:flutter_test/src/widget_tester.dart:712:27)
#121    main.<anonymous closure> (file:///C:/Users/swast/OneDrive/Desktop/amphibians%20data%20collection/amphibians_data_collection/test/widget_test.dart:37:18)
#123    main.<anonymous closure> (file:///C:/Users/swast/OneDrive/Desktop/amphibians%20data%20collection/amphibians_data_collection/test/widget_test.dart:27:5)
#124    testWidgets.<anonymous closure>.<anonymous closure> (package:flutter_test/src/widget_tester.dart:192:29)
#126    testWidgets.<anonymous closure>.<anonymous closure> (package:flutter_test/src/widget_tester.dart:189:25)
#127    TestWidgetsFlutterBinding._runTestBody (package:flutter_test/src/binding.dart:1059:19)
#129    TestWidgetsFlutterBinding._runTestBody (package:flutter_test/src/binding.dart:1048:5)
#132    TestWidgetsFlutterBinding._runTest (package:flutter_test/src/binding.dart:1033:10)
#133    AutomatedTestWidgetsFlutterBinding.runTest.<anonymous closure> (package:flutter_test/src/binding.dart:1564:24)
#134    FakeAsync.run.<anonymous closure>.<anonymous closure> (package:fake_async/fake_async.dart:182:47)
#139    withClock (package:clock/src/default.dart:52:10)
#140    FakeAsync.run.<anonymous closure> (package:fake_async/fake_async.dart:182:15)
#145    FakeAsync.run (package:fake_async/fake_async.dart:181:52)
#146    AutomatedTestWidgetsFlutterBinding.runTest (package:flutter_test/src/binding.dart:1561:15)
#147    testWidgets.<anonymous closure> (package:flutter_test/src/widget_tester.dart:184:24)
#148    Declarer.test.<anonymous closure>.<anonymous closure> (package:test_api/src/backend/declarer.dart:242:19)
#150    Declarer.test.<anonymous closure>.<anonymous closure> (package:test_api/src/backend/declarer.dart:241:9)
#155    Declarer.test.<anonymous closure> (package:test_api/src/backend/declarer.dart:240:13)
#156    Invoker._waitForOutstandingCallbacks.<anonymous closure> (package:test_api/src/backend/invoker.dart:282:17)
#161    Invoker._waitForOutstandingCallbacks (package:test_api/src/backend/invoker.dart:278:5)
#162    Invoker._onRun.<anonymous closure>.<anonymous closure>.<anonymous closure> (package:test_api/src/backend/invoker.dart:418:17)
#164    Invoker._onRun.<anonymous closure>.<anonymous closure>.<anonymous closure> (package:test_api/src/backend/invoker.dart:416:11)
#169    Invoker._onRun.<anonymous closure>.<anonymous closure> (package:test_api/src/backend/invoker.dart:407:9)
#170    Invoker._guardIfGuarded (package:test_api/src/backend/invoker.dart:450:15)
#171    Invoker._onRun.<anonymous closure> (package:test_api/src/backend/invoker.dart:406:7)
#178    Invoker._onRun (package:test_api/src/backend/invoker.dart:405:11)
#179    LiveTestController.run (package:test_api/src/backend/live_test_controller.dart:153:11)
#180    RemoteListener._runLiveTest.<anonymous closure> (package:test_api/src/backend/remote_listener.dart:275:16)
#185    RemoteListener._runLiveTest (package:test_api/src/backend/remote_listener.dart:274:5)
#186    RemoteListener._serializeTest.<anonymous closure> (package:test_api/src/backend/remote_listener.dart:221:7)
#204    _GuaranteeSink.add (package:stream_channel/src/guarantee_channel.dart:125:12)
#205    new _MultiChannel.<anonymous closure> (package:stream_channel/src/multi_channel.dart:159:31)
#207    CastStreamSubscription._onData (dart:_internal/async_cast.dart:95:11)
#233    new _WebSocketImpl._fromSocket.<anonymous closure> (dart:_http/websocket_impl.dart:1252:27)
#239    _WebSocketProtocolTransformer._messageFrameEnd (dart:_http/websocket_impl.dart:348:23)
#240    _WebSocketProtocolTransformer.add (dart:_http/websocket_impl.dart:238:46)
#248    _Socket._onData (dart:io-patch/socket_patch.dart:2880:41)
#255    new _RawSocket.<anonymous closure> (dart:io-patch/socket_patch.dart:2315:31)
#256    _NativeSocket.issueReadEvent.issue (dart:io-patch/socket_patch.dart:1655:14)
#260    main.<anonymous closure> (file:///C:/Users/swast/OneDrive/Desktop/amphibians%20data%20collection/amphibians_data_collection/test/widget_test.dart:27:5)
#261    testWidgets.<anonymous closure>.<anonymous closure> (package:flutter_test/src/widget_tester.dart:192:29)
#263    testWidgets.<anonymous closure>.<anonymous closure> (package:flutter_test/src/widget_tester.dart:189:25)
#264    TestWidgetsFlutterBinding._runTestBody (package:flutter_test/src/binding.dart:1059:19)
#266    TestWidgetsFlutterBinding._runTestBody (package:flutter_test/src/binding.dart:1048:5)
#269    TestWidgetsFlutterBinding._runTest (package:flutter_test/src/binding.dart:1033:10)
#270    AutomatedTestWidgetsFlutterBinding.runTest.<anonymous closure> (package:flutter_test/src/binding.dart:1564:24)
#271    FakeAsync.run.<anonymous closure>.<anonymous closure> (package:fake_async/fake_async.dart:182:47)
#276    withClock (package:clock/src/default.dart:52:10)
#277    FakeAsync.run.<anonymous closure> (package:fake_async/fake_async.dart:182:15)
#282    FakeAsync.run (package:fake_async/fake_async.dart:181:52)
#283    AutomatedTestWidgetsFlutterBinding.runTest (package:flutter_test/src/binding.dart:1561:15)
#284    testWidgets.<anonymous closure> (package:flutter_test/src/widget_tester.dart:184:24)
#285    Declarer.test.<anonymous closure>.<anonymous closure> (package:test_api/src/backend/declarer.dart:242:19)
#287    Declarer.test.<anonymous closure>.<anonymous closure> (package:test_api/src/backend/declarer.dart:241:9)
#292    Declarer.test.<anonymous closure> (package:test_api/src/backend/declarer.dart:240:13)
#293    Invoker._waitForOutstandingCallbacks.<anonymous closure> (package:test_api/src/backend/invoker.dart:282:17)
#298    Invoker._waitForOutstandingCallbacks (package:test_api/src/backend/invoker.dart:278:5)
#299    Invoker._onRun.<anonymous closure>.<anonymous closure>.<anonymous closure> (package:test_api/src/backend/invoker.dart:418:17)
#301    Invoker._onRun.<anonymous closure>.<anonymous closure>.<anonymous closure> (package:test_api/src/backend/invoker.dart:416:11)
#306    Invoker._onRun.<anonymous closure>.<anonymous closure> (package:test_api/src/backend/invoker.dart:407:9)
#307    Invoker._guardIfGuarded (package:test_api/src/backend/invoker.dart:450:15)
#308    Invoker._onRun.<anonymous closure> (package:test_api/src/backend/invoker.dart:406:7)
#315    Invoker._onRun (package:test_api/src/backend/invoker.dart:405:11)
#316    LiveTestController.run (package:test_api/src/backend/live_test_controller.dart:153:11)
#317    RemoteListener._runLiveTest.<anonymous closure> (package:test_api/src/backend/remote_listener.dart:275:16)
#322    RemoteListener._runLiveTest (package:test_api/src/backend/remote_listener.dart:274:5)
#323    RemoteListener._serializeTest.<anonymous closure> (package:test_api/src/backend/remote_listener.dart:221:7)
#341    _GuaranteeSink.add (package:stream_channel/src/guarantee_channel.dart:125:12)
#342    new _MultiChannel.<anonymous closure> (package:stream_channel/src/multi_channel.dart:159:31)
#344    CastStreamSubscription._onData (dart:_internal/async_cast.dart:95:11)
#370    new _WebSocketImpl._fromSocket.<anonymous closure> (dart:_http/websocket_impl.dart:1252:27)
#376    _WebSocketProtocolTransformer._messageFrameEnd (dart:_http/websocket_impl.dart:348:23)
#377    _WebSocketProtocolTransformer.add (dart:_http/websocket_impl.dart:238:46)
#385    _Socket._onData (dart:io-patch/socket_patch.dart:2880:41)
#392    new _RawSocket.<anonymous closure> (dart:io-patch/socket_patch.dart:2315:31)
#393    _NativeSocket.issueReadEvent.issue (dart:io-patch/socket_patch.dart:1655:14)
(elided 214 frames from dart:async and package:stack_trace)

ΓòÉΓòÉΓòÉΓòÉΓòÉΓòÉΓòÉΓòÉΓòÉΓòÉΓòÉΓòÉΓòÉΓòÉΓòÉΓòÉΓòÉΓòÉΓòÉΓòÉΓòÉΓòÉΓòÉΓòÉΓòÉΓòÉΓòÉΓòÉΓòÉΓòÉΓòÉΓòÉΓòÉΓòÉΓòÉΓòÉΓòÉΓòÉΓòÉΓòÉΓòÉΓòÉΓòÉΓòÉΓòÉΓòÉΓòÉΓòÉΓòÉΓòÉΓòÉΓòÉΓòÉΓòÉΓòÉΓòÉΓòÉΓòÉΓòÉΓòÉΓòÉΓòÉΓòÉΓòÉΓòÉΓòÉΓòÉΓòÉΓòÉΓòÉΓòÉΓòÉΓòÉΓòÉΓòÉΓòÉΓòÉΓòÉΓòÉΓòÉΓòÉΓòÉΓòÉΓòÉΓòÉΓòÉΓòÉΓòÉΓòÉΓòÉΓòÉΓòÉΓòÉΓòÉΓòÉΓòÉΓòÉΓòÉΓòÉΓòÉ
00:00 +0 -1: App smoke test - displays LoginView [E]
  Test failed. See exception logs above.
  The test description was: App smoke test - displays LoginView
  
00:00 +0 -1: Some tests failed.
